$ npm init
$ npm install express

-->add .gitignore --> 'node_modules/'

-->in scripts:
-->add: "start": "nodemon index.js"

$ npm install nodemon --save-dev

-->add .env file
$ npm i dotenv

npm start

-->set up db in MongoDb website

-->make models in src/models/
  'user.models.js'

$ npm install mongoose (<-- updates node_modules & package.json)
in user.models. --> const

$npm install mongodb

mongodb+srv://siobhankb:<password>@cluster0.9xeoz.mongodb.net/?retryWrites=true&w=majority


$ npm install express-graphql

**If you get errors with these installs, it has something to do w repetitive dependencies - uninstall graphql, express-graphql and re-install

$ npm install ejs